#-----------------------------------------------------------
# Vivado v2019.1 (64-bit)
# SW Build 2552052 on Fri May 24 14:49:42 MDT 2019
# IP Build 2548770 on Fri May 24 18:01:18 MDT 2019
# Start of session at: Thu Aug 12 13:58:22 2021
# Process ID: 1608
# Current directory: F:/K325/LED_TEST/LED_TEST
# Command line: vivado.exe -gui_launcher_event rodinguilauncherevent10824 F:\K325\LED_TEST\LED_TEST\LED_TEST.xpr
# Log file: F:/K325/LED_TEST/LED_TEST/vivado.log
# Journal file: F:/K325/LED_TEST/LED_TEST\vivado.jou
#-----------------------------------------------------------
start_gui
open_project F:/K325/LED_TEST/LED_TEST/LED_TEST.xpr
update_compile_order -fileset sources_1
set_property flow {Vivado Synthesis 2019} [get_runs synth_1]
create_run synth_325T -flow {Vivado Synthesis 2019} -strategy {Vivado Synthesis Defaults} -report_strategy {Vivado Synthesis Default Reports}
current_run [get_runs synth_325T]
set_property part xc7k325tffg676-2 [current_project]
set_property flow {Vivado Implementation 2016} [get_runs impl_2]
set_property STEPS.WRITE_BITSTREAM.ARGS.BIN_FILE true [get_runs impl_2]
launch_runs impl_2 -to_step write_bitstream -jobs 16
wait_on_run impl_2
reset_run synth_325T
launch_runs impl_2 -to_step write_bitstream -jobs 16
wait_on_run impl_2
open_hw
write_cfgmem  -format mcs -size 32 -interface SPIx4 -loadbit {up 0x00000000 "F:/K325/LED_TEST/LED_TEST/LED_TEST.runs/impl_2/led_test.bit" } -checksum -force -disablebitswap -file "F:/K325/LED_TEST/LED_TEST/LED_TEST.runs/impl_2/K325T_LED_FLASH"
connect_hw_server
open_hw_target
set_property PROGRAM.FILE {F:/K325/LED_TEST/LED_TEST/LED_TEST.runs/impl_2/led_test.bit} [get_hw_devices xc7k325t_0]
current_hw_device [get_hw_devices xc7k325t_0]
refresh_hw_device -update_hw_probes false [lindex [get_hw_devices xc7k325t_0] 0]
set_property PROBES.FILE {} [get_hw_devices xc7k325t_0]
set_property FULL_PROBES.FILE {} [get_hw_devices xc7k325t_0]
set_property PROGRAM.FILE {F:/K325/LED_TEST/LED_TEST/LED_TEST.runs/impl_2/led_test.bit} [get_hw_devices xc7k325t_0]
program_hw_devices [get_hw_devices xc7k325t_0]
refresh_hw_device [lindex [get_hw_devices xc7k325t_0] 0]
create_hw_cfgmem -hw_device [lindex [get_hw_devices xc7k325t_0] 0] [lindex [get_cfgmem_parts {s25fl256sxxxxxx0-spi-x1_x2_x4}] 0]
set_property PROGRAM.BLANK_CHECK  0 [ get_property PROGRAM.HW_CFGMEM [lindex [get_hw_devices xc7k325t_0] 0]]
set_property PROGRAM.ERASE  1 [ get_property PROGRAM.HW_CFGMEM [lindex [get_hw_devices xc7k325t_0] 0]]
set_property PROGRAM.CFG_PROGRAM  1 [ get_property PROGRAM.HW_CFGMEM [lindex [get_hw_devices xc7k325t_0] 0]]
set_property PROGRAM.VERIFY  1 [ get_property PROGRAM.HW_CFGMEM [lindex [get_hw_devices xc7k325t_0] 0]]
set_property PROGRAM.CHECKSUM  0 [ get_property PROGRAM.HW_CFGMEM [lindex [get_hw_devices xc7k325t_0] 0]]
refresh_hw_device [lindex [get_hw_devices xc7k325t_0] 0]
set_property PROGRAM.ADDRESS_RANGE  {use_file} [ get_property PROGRAM.HW_CFGMEM [lindex [get_hw_devices xc7k325t_0] 0]]
set_property PROGRAM.FILES [list "F:/K325/LED_TEST/LED_TEST/LED_TEST.runs/impl_2/K325T_LED_FLASH.mcs" ] [ get_property PROGRAM.HW_CFGMEM [lindex [get_hw_devices xc7k325t_0] 0]]
set_property PROGRAM.PRM_FILE {F:/K325/LED_TEST/LED_TEST/LED_TEST.runs/impl_2/K325T_LED_FLASH.prm} [ get_property PROGRAM.HW_CFGMEM [lindex [get_hw_devices xc7k325t_0] 0]]
set_property PROGRAM.UNUSED_PIN_TERMINATION {pull-none} [ get_property PROGRAM.HW_CFGMEM [lindex [get_hw_devices xc7k325t_0] 0]]
set_property PROGRAM.BLANK_CHECK  0 [ get_property PROGRAM.HW_CFGMEM [lindex [get_hw_devices xc7k325t_0] 0]]
set_property PROGRAM.ERASE  1 [ get_property PROGRAM.HW_CFGMEM [lindex [get_hw_devices xc7k325t_0] 0]]
set_property PROGRAM.CFG_PROGRAM  1 [ get_property PROGRAM.HW_CFGMEM [lindex [get_hw_devices xc7k325t_0] 0]]
set_property PROGRAM.VERIFY  1 [ get_property PROGRAM.HW_CFGMEM [lindex [get_hw_devices xc7k325t_0] 0]]
set_property PROGRAM.CHECKSUM  0 [ get_property PROGRAM.HW_CFGMEM [lindex [get_hw_devices xc7k325t_0] 0]]
startgroup 
create_hw_bitstream -hw_device [lindex [get_hw_devices xc7k325t_0] 0] [get_property PROGRAM.HW_CFGMEM_BITFILE [ lindex [get_hw_devices xc7k325t_0] 0]]; program_hw_devices [lindex [get_hw_devices xc7k325t_0] 0]; refresh_hw_device [lindex [get_hw_devices xc7k325t_0] 0];
program_hw_cfgmem -hw_cfgmem [ get_property PROGRAM.HW_CFGMEM [lindex [get_hw_devices xc7k325t_0] 0]]
endgroup
