#-----------------------------------------------------------
# Vivado v2019.1 (64-bit)
# SW Build 2552052 on Fri May 24 14:49:42 MDT 2019
# IP Build 2548770 on Fri May 24 18:01:18 MDT 2019
# Start of session at: Mon Aug 31 17:41:39 2020
# Process ID: 5836
# Current directory: F:/K325/sd_test/sd_test
# Command line: vivado.exe -gui_launcher_event rodinguilauncherevent6552 F:\K325\sd_test\sd_test\sd_test.xpr
# Log file: F:/K325/sd_test/sd_test/vivado.log
# Journal file: F:/K325/sd_test/sd_test\vivado.jou
#-----------------------------------------------------------
start_gui
open_project F:/K325/sd_test/sd_test/sd_test.xpr
update_compile_order -fileset sources_1
open_hw
connect_hw_server
open_hw_target
set_property PROGRAM.FILE {F:/K325/sd_test/sd_test/sd_test.runs/impl_2/sd_card_test.bit} [get_hw_devices xc7k325t_0]
set_property PROBES.FILE {} [get_hw_devices xc7k325t_0]
set_property FULL_PROBES.FILE {} [get_hw_devices xc7k325t_0]
set_property PROGRAM.FILE {F:/K325/sd_test/sd_test/sd_test.runs/impl_2/sd_card_test.bit} [get_hw_devices xc7k325t_0]
program_hw_devices [get_hw_devices xc7k325t_0]
refresh_hw_device [lindex [get_hw_devices xc7k325t_0] 0]
reset_run synth_676
reset_run clk_ref_synth_1
reset_run ila_0_synth_1
launch_runs synth_676 -jobs 16
wait_on_run synth_676
delete_runs "synth_1"
reset_run synth_676
launch_runs impl_2 -to_step write_bitstream -jobs 16
wait_on_run impl_2
reset_run clk_ref_synth_1
reset_run ila_0_synth_1
